{
  "SteamManifest": {
    "AppId": "APP_ID",
    "BuildId": "BUILD_ID",
    "AppName": "APP_NAME",
    "AppSize": 987654321,
    "UpdateDate": "0123-04-05"
  },
  "Tribes": [
    {
      "Name": "TRIBE",
      "Pals": [
        {
          "GameIndex": -1,
          "TribeName": "PAL_TRIBE",
          "Name": "PAL_NAME",
          "ZukanIndex": 0,
          "ZukanIndexSuffix": "ZUKAN_SUFFIX",
          "Rarity": 1,
          "Size": "PAL_SIZE",
          "ElementType1": "PAL_ELEMENT1",
          "ElementType2": "PAL_ElEMENT2",
          "Price": 2,
          "IsNocturnal": true,
          "IsEdible": true,
          "IsBoss": true,
          "IsTowerBoss": true,
          "IsPredator": true,
          "CraftSpeed": 3,
          "CaptureRate": 4,
          "ExpRatio": 5,
          "SlowWalkSpeed": 6,
          "WalkSpeed": 7,
          "RunSpeed": 8,
          "RideSprintSpeed": 9,
          "TransportSpeed": 10,
          "MaxFullStomach": 11,
          "FullStomachDecreaseRate": 12,
          "FoodAmount": 13,
          "Stamina": 14,
          "ViewingDistance": 15,
          "ViewingAngle": 16,
          "HearingRate": 17,
          "Hp": 18,
          "MeleeAttack": 19,
          "ShotAttack": 20,
          "Defense": 21,
          "Support": 22,
          "EnemyReceiveDamageRate": 23,
          "MaleProbability": 24,
          "CombiRank": 25,
          "EmitFlame": 26,
          "Watering": 27,
          "Seeding": 28,
          "GenerateElectricity": 29,
          "Handcraft": 30,
          "Collection": 31,
          "Deforest": 32,
          "Mining": 33,
          "OilExtraction": 34,
          "ProduceMedicine": 35,
          "Cool": 36,
          "Transport": 37,
          "MonsterFarm": 38
        }
      ]
    }
  ],
  "TribeIcons": {
    "tribe1": "AQID"
  },
  "UniqueBreedingCombinations": [
    {
      "ParentTribeA": "tribe1",
      "ParentTribeB": "tribe2",
      "ChildCharacterId": "child"
    }
  ],
  "LocalizationFiles": {
    "language1": {
      "Language": "language1",
      "Namespaces": {
        "namespace1": {
          "Namespace": "namespace1",
          "Fields": {
            "field1": "value1 language1",
            "field2": "value2 language1"
          }
        },
        "namespace2": {
          "Namespace": "namespace2",
          "Fields": {
            "field3": "value3 language1",
            "field4": "value4 language1"
          }
        }
      }
    },
    "language2": {
      "Language": "language2",
      "Namespaces": {
        "namespace1": {
          "Namespace": "namespace1",
          "Fields": {
            "field1": "value1 language2",
            "field2": "value2 language2"
          }
        },
        "namespace2": {
          "Namespace": "namespace2",
          "Fields": {
            "field3": "value3 language2",
            "field4": "value4 language2"
          }
        }
      }
    }
  }
}